// Jest Snapshot v1, https://goo.gl/fbAQLP

exports[`App Snapshot matches 1`] = `
<div
  class="container-fluid "
>
  <div
    class="row headerRow"
  >
    <div
      class="dropdown"
    >
      <select
        aria-expanded="false"
        class="btn btn-default dropdown-toggle"
        data-toggle="dropdown"
      >
        <option
          value="10"
        >
          10
        </option>
        <option
          value="20"
        >
          20
        </option>
        <option
          value="30"
        >
          30
        </option>
        <option
          value="50"
        >
          50
        </option>
      </select>
    </div>
    <div
      class="leftButton"
    >
      <button
        class="btn btn-secondary"
      >
        Filter Submissions
      </button>
    </div>
    <div
      class="rightButton"
    >
      <button
        class="btn btn-primary"
      >
        Create Submission
      </button>
    </div>
  </div>
  <div
    class="row"
  >
    <div
      class="col border"
    >
      
      <div
        class="row"
      >
        <div
          class="colContainer"
        >
          
          <div
            class="col-md-2"
          >
            <p
              class="text-muted"
              data-testid="title-test"
            >
              Name
            </p>
            <div
              class="font-w600"
              data-testid="text-test"
            >
              Ivana Trajkova
            </div>
          </div>
          <div
            class="col-md-2"
          >
            <p
              class="text-muted"
              data-testid="title-test"
            >
              Email
            </p>
            <div
              class="font-w600"
              data-testid="text-test"
            >
              ivana_tr@example.com
            </div>
          </div>
          <div
            class="col-md-2"
          >
            <p
              class="text-muted"
              data-testid="title-test"
            >
              Recommendation
            </p>
            <div
              class="font-w600"
              data-testid="text-test"
            >
              yes
            </div>
          </div>
          <div
            class="col-md-2"
          >
            <p
              class="text-muted"
              data-testid="title-test"
            >
              Feedback
            </p>
            <div
              class="font-w600"
              data-testid="text-test"
            >
              Lorem ipsum dolor sit amet, consectetur adipiscing elit. Maecenas non enim gravida ante feugiat fermentum in vitae sem. Mauris ligula ante, finibus quis convallis eget, auctor vehicula massa. Nunc arcu lectus, viverra ac enim eu, suscipit fermentum sapien. Nam maximus facilisis enim sit amet tempor. Curabitur at euismod augue, et aliquet elit. Mauris dui libero, consequat sit amet lacus sit amet, vulputate interdum tellus. Morbi condimentum porttitor ornare.
            </div>
          </div>
          <div
            class="col-md-2"
          >
            <p
              class="text-muted"
              data-testid="title-test"
            >
              Date
            </p>
            <div
              class="font-w600"
              data-testid="text-test"
            >
              13/04/2021
            </div>
          </div>
          <div
            class="col-md-2"
          >
            <p
              class="text-muted"
              data-testid="title-test"
            >
              Form_name
            </p>
            <div
              class="font-w600"
              data-testid="text-test"
            >
              Form 1
            </div>
          </div>
          <div
            class="col-md-2"
          >
            <p
              class="text-muted"
              data-testid="title-test"
            >
              Form_type
            </p>
            <div
              class="font-w600"
              data-testid="text-test"
            >
              popup
            </div>
          </div>
          <div
            class="col-md-2"
          >
            <p
              class="text-muted"
              data-testid="title-test"
            >
              Status
            </p>
            <div
              class="font-w600"
              data-testid="text-test"
            >
              pending
            </div>
          </div>
          
          <div
            class="col-md-2"
          >
            <p
              class="text-muted"
            >
              Action
            </p>
            <button
              class="btn btn-default btn-sm push-5-r"
            >
              <i
                class="fa fa-edit"
              />
            </button>
            <button
              class="btn btn-default btn-sm push-5-r"
            >
              <i
                class="fa fa-eye"
              />
            </button>
            <button
              class="btn btn-default btn-sm push-5-r"
            >
              <i
                class="fa fa-trash"
              />
            </button>
          </div>
        </div>
      </div>
      <div
        class="row"
      >
        <div
          class="colContainer"
        >
          
          <div
            class="col-md-2"
          >
            <p
              class="text-muted"
              data-testid="title-test"
            >
              Name
            </p>
            <div
              class="font-w600"
              data-testid="text-test"
            >
              Ivona Atanasova
            </div>
          </div>
          <div
            class="col-md-2"
          >
            <p
              class="text-muted"
              data-testid="title-test"
            >
              Email
            </p>
            <div
              class="font-w600"
              data-testid="text-test"
            >
              ivana_ar@example.com
            </div>
          </div>
          <div
            class="col-md-2"
          >
            <p
              class="text-muted"
              data-testid="title-test"
            >
              Recommendation
            </p>
            <div
              class="font-w600"
              data-testid="text-test"
            >
              maybe
            </div>
          </div>
          <div
            class="col-md-2"
          >
            <p
              class="text-muted"
              data-testid="title-test"
            >
              Feedback
            </p>
            <div
              class="font-w600"
              data-testid="text-test"
            >
              Lorem ipsum dolor sit amet, consectetur adipiscing elit. Maecenas non enim gravida ante feugiat fermentum in vitae sem. Mauris ligula ante, finibus quis conva
            </div>
          </div>
          <div
            class="col-md-2"
          >
            <p
              class="text-muted"
              data-testid="title-test"
            >
              Date
            </p>
            <div
              class="font-w600"
              data-testid="text-test"
            >
              10/11/2020
            </div>
          </div>
          <div
            class="col-md-2"
          >
            <p
              class="text-muted"
              data-testid="title-test"
            >
              Form_name
            </p>
            <div
              class="font-w600"
              data-testid="text-test"
            >
              Form 2
            </div>
          </div>
          <div
            class="col-md-2"
          >
            <p
              class="text-muted"
              data-testid="title-test"
            >
              Form_type
            </p>
            <div
              class="font-w600"
              data-testid="text-test"
            >
              page
            </div>
          </div>
          <div
            class="col-md-2"
          >
            <p
              class="text-muted"
              data-testid="title-test"
            >
              Status
            </p>
            <div
              class="font-w600"
              data-testid="text-test"
            >
              approved
            </div>
          </div>
          
          <div
            class="col-md-2"
          >
            <p
              class="text-muted"
            >
              Action
            </p>
            <button
              class="btn btn-default btn-sm push-5-r"
            >
              <i
                class="fa fa-edit"
              />
            </button>
            <button
              class="btn btn-default btn-sm push-5-r"
            >
              <i
                class="fa fa-eye"
              />
            </button>
            <button
              class="btn btn-default btn-sm push-5-r"
            >
              <i
                class="fa fa-trash"
              />
            </button>
          </div>
        </div>
      </div>
      <div
        class="row"
      >
        <div
          class="colContainer"
        >
          
          <div
            class="col-md-2"
          >
            <p
              class="text-muted"
              data-testid="title-test"
            >
              Name
            </p>
            <div
              class="font-w600"
              data-testid="text-test"
            >
              Jonathan
            </div>
          </div>
          <div
            class="col-md-2"
          >
            <p
              class="text-muted"
              data-testid="title-test"
            >
              Email
            </p>
            <div
              class="font-w600"
              data-testid="text-test"
            >
              jonathan@gmail.com
            </div>
          </div>
          <div
            class="col-md-2"
          >
            <p
              class="text-muted"
              data-testid="title-test"
            >
              Recommendation
            </p>
            <div
              class="font-w600"
              data-testid="text-test"
            >
              maybe
            </div>
          </div>
          <div
            class="col-md-2"
          >
            <p
              class="text-muted"
              data-testid="title-test"
            >
              Feedback
            </p>
            <div
              class="font-w600"
              data-testid="text-test"
            >
              My neighbor Karly has one of these. She works as a gambler and she says it looks tall. I saw one of these in Spratly Islands and I bought one. works okay.
            </div>
          </div>
          <div
            class="col-md-2"
          >
            <p
              class="text-muted"
              data-testid="title-test"
            >
              Date
            </p>
            <div
              class="font-w600"
              data-testid="text-test"
            >
              16/03/2021
            </div>
          </div>
          <div
            class="col-md-2"
          >
            <p
              class="text-muted"
              data-testid="title-test"
            >
              Form_name
            </p>
            <div
              class="font-w600"
              data-testid="text-test"
            >
              Form 3
            </div>
          </div>
          <div
            class="col-md-2"
          >
            <p
              class="text-muted"
              data-testid="title-test"
            >
              Form_type
            </p>
            <div
              class="font-w600"
              data-testid="text-test"
            >
              page
            </div>
          </div>
          <div
            class="col-md-2"
          >
            <p
              class="text-muted"
              data-testid="title-test"
            >
              Status
            </p>
            <div
              class="font-w600"
              data-testid="text-test"
            >
              approved
            </div>
          </div>
          
          <div
            class="col-md-2"
          >
            <p
              class="text-muted"
            >
              Action
            </p>
            <button
              class="btn btn-default btn-sm push-5-r"
            >
              <i
                class="fa fa-edit"
              />
            </button>
            <button
              class="btn btn-default btn-sm push-5-r"
            >
              <i
                class="fa fa-eye"
              />
            </button>
            <button
              class="btn btn-default btn-sm push-5-r"
            >
              <i
                class="fa fa-trash"
              />
            </button>
          </div>
        </div>
      </div>
      <div
        class="row"
      >
        <div
          class="colContainer"
        >
          
          <div
            class="col-md-2"
          >
            <p
              class="text-muted"
              data-testid="title-test"
            >
              Name
            </p>
            <div
              class="font-w600"
              data-testid="text-test"
            >
              Nicole
            </div>
          </div>
          <div
            class="col-md-2"
          >
            <p
              class="text-muted"
              data-testid="title-test"
            >
              Email
            </p>
            <div
              class="font-w600"
              data-testid="text-test"
            >
              nicole@yahoo.com
            </div>
          </div>
          <div
            class="col-md-2"
          >
            <p
              class="text-muted"
              data-testid="title-test"
            >
              Recommendation
            </p>
            <div
              class="font-w600"
              data-testid="text-test"
            >
              no
            </div>
          </div>
          <div
            class="col-md-2"
          >
            <p
              class="text-muted"
              data-testid="title-test"
            >
              Feedback
            </p>
            <div
              class="font-w600"
              data-testid="text-test"
            >
              The box this comes in is 4 yard by 5 inch and weights 12 pound! i use it profusely when i'm in my garage.
            </div>
          </div>
          <div
            class="col-md-2"
          >
            <p
              class="text-muted"
              data-testid="title-test"
            >
              Date
            </p>
            <div
              class="font-w600"
              data-testid="text-test"
            >
              02/04/2021
            </div>
          </div>
          <div
            class="col-md-2"
          >
            <p
              class="text-muted"
              data-testid="title-test"
            >
              Form_name
            </p>
            <div
              class="font-w600"
              data-testid="text-test"
            >
              Form 4
            </div>
          </div>
          <div
            class="col-md-2"
          >
            <p
              class="text-muted"
              data-testid="title-test"
            >
              Form_type
            </p>
            <div
              class="font-w600"
              data-testid="text-test"
            >
              popup
            </div>
          </div>
          <div
            class="col-md-2"
          >
            <p
              class="text-muted"
              data-testid="title-test"
            >
              Status
            </p>
            <div
              class="font-w600"
              data-testid="text-test"
            >
              pending
            </div>
          </div>
          
          <div
            class="col-md-2"
          >
            <p
              class="text-muted"
            >
              Action
            </p>
            <button
              class="btn btn-default btn-sm push-5-r"
            >
              <i
                class="fa fa-edit"
              />
            </button>
            <button
              class="btn btn-default btn-sm push-5-r"
            >
              <i
                class="fa fa-eye"
              />
            </button>
            <button
              class="btn btn-default btn-sm push-5-r"
            >
              <i
                class="fa fa-trash"
              />
            </button>
          </div>
        </div>
      </div>
      
    </div>
  </div>
  <div
    class="footerRow"
  >
    <div
      class="justify-content-center"
    >
      <button
        class="btn btn-primary"
      >
        Load More
      </button>
    </div>
  </div>
</div>
`;
