// Jest Snapshot v1, https://goo.gl/fbAQLP

exports[`App Snapshot matches 1`] = `
<div
  class="container-fluid"
>
  <div
    class="row headerRow"
  >
    <div
      class="dropdown"
    >
      <select
        aria-expanded="false"
        class="btn btn-default dropdown-toggle"
        data-toggle="dropdown"
      >
        <option
          value="10"
        >
          10
        </option>
        <option
          value="20"
        >
          20
        </option>
        <option
          value="30"
        >
          30
        </option>
        <option
          value="50"
        >
          50
        </option>
      </select>
    </div>
    <div
      class="leftButton"
    >
      <button
        class="btn btn-secondary"
      >
        Filter Submissions
      </button>
    </div>
    <div
      class="rightButton"
    >
      <button
        class="btn btn-primary"
      >
        Create Submission
      </button>
    </div>
  </div>
  <div
    class="row"
  >
    
    <div
      class="col border"
    >
      
      
    </div>
    <div
      class="button-container justify-content-center mt-5"
    >
      <!--v-if-->
    </div>
    
  </div>
</div>
`;
