// Jest Snapshot v1, https://goo.gl/fbAQLP

exports[`DataTable Matches the snapshot 1`] = `
<div
  data-v-app=""
>
  
  <!--v-if-->
  <!--v-if-->
  <div
    class="row header-row"
  >
    <div
      class="dropdown"
    >
      <select
        class="form-control"
        data-testid="dropdown-test"
      >
        
        <option
          class="select-options"
          data-testid="dropdown-options-test"
          value="5"
        >
          5
        </option>
        <option
          class="select-options"
          data-testid="dropdown-options-test"
          value="10"
        >
          10
        </option>
        <option
          class="select-options"
          data-testid="dropdown-options-test"
          value="15"
        >
          15
        </option>
        <option
          class="select-options"
          data-testid="dropdown-options-test"
          value="20"
        >
          20
        </option>
        <option
          class="select-options"
          data-testid="dropdown-options-test"
          value="25"
        >
          25
        </option>
        
      </select>
    </div>
    <div
      class="left-button"
    >
      <button
        class="btn btn-secondary"
      >
        Filter Submissions
      </button>
    </div>
    <div
      class="right-button"
    >
      <button
        class="btn btn-primary"
      >
        Create Submission
      </button>
    </div>
  </div>
  <div
    class="col border"
  >
    
    <div
      class="table-row"
    >
      
      <div
        class="col-md-2"
      >
        <p
          class="text-muted"
          data-testid="title-test"
        >
          Name
        </p>
        <div
          class="font-w600"
          data-testid="text-test"
        >
          Ivana Trajkova
        </div>
      </div>
      <div
        class="col-md-2"
      >
        <p
          class="text-muted"
          data-testid="title-test"
        >
          Email
        </p>
        <div
          class="font-w600"
          data-testid="text-test"
        >
          ivana_tr@example.com
        </div>
      </div>
      <div
        class="col-md-2"
      >
        <p
          class="text-muted"
          data-testid="title-test"
        >
          Recommendation
        </p>
        <div
          class="font-w600"
          data-testid="text-test"
        >
          yes
        </div>
      </div>
      <div
        class="col-md-2"
      >
        <p
          class="text-muted"
          data-testid="title-test"
        >
          Feedback
        </p>
        <div
          class="font-w600"
          data-testid="text-test"
        >
          Lorem ipsum dolor sit amet, consectetur adipiscing elit. Maecenas non enim gravida ante feugiat fermentum in vitae sem. Mauris ligula ante, finibus quis convallis eget, auctor vehicula massa. Nunc arcu lectus, viverra ac enim eu, suscipit fermentum sapien. Nam maximus facilisis enim sit amet tempor. Curabitur at euismod augue, et aliquet elit. Mauris dui libero, consequat sit amet lacus sit amet, vulputate interdum tellus. Morbi condimentum porttitor ornare.
        </div>
      </div>
      <div
        class="col-md-2"
      >
        <p
          class="text-muted"
          data-testid="title-test"
        >
          Date
        </p>
        <div
          class="font-w600"
          data-testid="text-test"
        >
          13/04/2021
        </div>
      </div>
      <div
        class="col-md-2"
      >
        <p
          class="text-muted"
          data-testid="title-test"
        >
          Form
        </p>
        <div
          class="font-w600"
          data-testid="text-test"
        >
          Form 1
        </div>
      </div>
      <div
        class="col-md-2"
      >
        <p
          class="text-muted"
          data-testid="title-test"
        >
          Form type
        </p>
        <div
          class="font-w600"
          data-testid="text-test"
        >
          popup
        </div>
      </div>
      <div
        class="col-md-2"
      >
        <p
          class="text-muted"
          data-testid="title-test"
        >
          Status
        </p>
        <div
          class="font-w600"
          data-testid="text-test"
        >
          pending
        </div>
      </div>
      
      <div
        class="col-md-2"
      >
        <p
          class="text-muted"
        >
          Action
        </p>
        <button
          class="btn btn-default btn-sm push-5-r"
        >
          <i
            class="fa fa-edit"
          />
        </button>
        <button
          class="btn btn-default btn-sm push-5-r"
          data-testid="preview-button-test"
        >
          <i
            class="fa fa-eye"
          />
        </button>
        <button
          class="btn btn-default btn-sm push-5-r"
        >
          <i
            class="fa fa-trash"
          />
        </button>
      </div>
    </div>
    <div
      class="table-row"
    >
      
      <div
        class="col-md-2"
      >
        <p
          class="text-muted"
          data-testid="title-test"
        >
          Name
        </p>
        <div
          class="font-w600"
          data-testid="text-test"
        >
          Ivona Atanasova
        </div>
      </div>
      <div
        class="col-md-2"
      >
        <p
          class="text-muted"
          data-testid="title-test"
        >
          Email
        </p>
        <div
          class="font-w600"
          data-testid="text-test"
        >
          ivana_ar@example.com
        </div>
      </div>
      <div
        class="col-md-2"
      >
        <p
          class="text-muted"
          data-testid="title-test"
        >
          Recommendation
        </p>
        <div
          class="font-w600"
          data-testid="text-test"
        >
          maybe
        </div>
      </div>
      <div
        class="col-md-2"
      >
        <p
          class="text-muted"
          data-testid="title-test"
        >
          Feedback
        </p>
        <div
          class="font-w600"
          data-testid="text-test"
        >
          Lorem ipsum dolor sit amet, consectetur adipiscing elit. Maecenas non enim gravida ante feugiat fermentum in vitae sem. Mauris ligula ante, finibus quis conva
        </div>
      </div>
      <div
        class="col-md-2"
      >
        <p
          class="text-muted"
          data-testid="title-test"
        >
          Date
        </p>
        <div
          class="font-w600"
          data-testid="text-test"
        >
          10/11/2020
        </div>
      </div>
      <div
        class="col-md-2"
      >
        <p
          class="text-muted"
          data-testid="title-test"
        >
          Form
        </p>
        <div
          class="font-w600"
          data-testid="text-test"
        >
          Form 2
        </div>
      </div>
      <div
        class="col-md-2"
      >
        <p
          class="text-muted"
          data-testid="title-test"
        >
          Form type
        </p>
        <div
          class="font-w600"
          data-testid="text-test"
        >
          page
        </div>
      </div>
      <div
        class="col-md-2"
      >
        <p
          class="text-muted"
          data-testid="title-test"
        >
          Status
        </p>
        <div
          class="font-w600"
          data-testid="text-test"
        >
          approved
        </div>
      </div>
      
      <div
        class="col-md-2"
      >
        <p
          class="text-muted"
        >
          Action
        </p>
        <button
          class="btn btn-default btn-sm push-5-r"
        >
          <i
            class="fa fa-edit"
          />
        </button>
        <button
          class="btn btn-default btn-sm push-5-r"
          data-testid="preview-button-test"
        >
          <i
            class="fa fa-eye"
          />
        </button>
        <button
          class="btn btn-default btn-sm push-5-r"
        >
          <i
            class="fa fa-trash"
          />
        </button>
      </div>
    </div>
    <div
      class="table-row"
    >
      
      <div
        class="col-md-2"
      >
        <p
          class="text-muted"
          data-testid="title-test"
        >
          Name
        </p>
        <div
          class="font-w600"
          data-testid="text-test"
        >
          Jonathan
        </div>
      </div>
      <div
        class="col-md-2"
      >
        <p
          class="text-muted"
          data-testid="title-test"
        >
          Email
        </p>
        <div
          class="font-w600"
          data-testid="text-test"
        >
          jonathan@gmail.com
        </div>
      </div>
      <div
        class="col-md-2"
      >
        <p
          class="text-muted"
          data-testid="title-test"
        >
          Recommendation
        </p>
        <div
          class="font-w600"
          data-testid="text-test"
        >
          maybe
        </div>
      </div>
      <div
        class="col-md-2"
      >
        <p
          class="text-muted"
          data-testid="title-test"
        >
          Feedback
        </p>
        <div
          class="font-w600"
          data-testid="text-test"
        >
          My neighbor Karly has one of these. She works as a gambler and she says it looks tall. I saw one of these in Spratly Islands and I bought one. works okay.
        </div>
      </div>
      <div
        class="col-md-2"
      >
        <p
          class="text-muted"
          data-testid="title-test"
        >
          Date
        </p>
        <div
          class="font-w600"
          data-testid="text-test"
        >
          16/03/2021
        </div>
      </div>
      <div
        class="col-md-2"
      >
        <p
          class="text-muted"
          data-testid="title-test"
        >
          Form
        </p>
        <div
          class="font-w600"
          data-testid="text-test"
        >
          Form 3
        </div>
      </div>
      <div
        class="col-md-2"
      >
        <p
          class="text-muted"
          data-testid="title-test"
        >
          Form type
        </p>
        <div
          class="font-w600"
          data-testid="text-test"
        >
          page
        </div>
      </div>
      <div
        class="col-md-2"
      >
        <p
          class="text-muted"
          data-testid="title-test"
        >
          Status
        </p>
        <div
          class="font-w600"
          data-testid="text-test"
        >
          approved
        </div>
      </div>
      
      <div
        class="col-md-2"
      >
        <p
          class="text-muted"
        >
          Action
        </p>
        <button
          class="btn btn-default btn-sm push-5-r"
        >
          <i
            class="fa fa-edit"
          />
        </button>
        <button
          class="btn btn-default btn-sm push-5-r"
          data-testid="preview-button-test"
        >
          <i
            class="fa fa-eye"
          />
        </button>
        <button
          class="btn btn-default btn-sm push-5-r"
        >
          <i
            class="fa fa-trash"
          />
        </button>
      </div>
    </div>
    <div
      class="table-row"
    >
      
      <div
        class="col-md-2"
      >
        <p
          class="text-muted"
          data-testid="title-test"
        >
          Name
        </p>
        <div
          class="font-w600"
          data-testid="text-test"
        >
          Nicole
        </div>
      </div>
      <div
        class="col-md-2"
      >
        <p
          class="text-muted"
          data-testid="title-test"
        >
          Email
        </p>
        <div
          class="font-w600"
          data-testid="text-test"
        >
          nicole@yahoo.com
        </div>
      </div>
      <div
        class="col-md-2"
      >
        <p
          class="text-muted"
          data-testid="title-test"
        >
          Recommendation
        </p>
        <div
          class="font-w600"
          data-testid="text-test"
        >
          no
        </div>
      </div>
      <div
        class="col-md-2"
      >
        <p
          class="text-muted"
          data-testid="title-test"
        >
          Feedback
        </p>
        <div
          class="font-w600"
          data-testid="text-test"
        >
          The box this comes in is 4 yard by 5 inch and weights 12 pound! i use it profusely when i'm in my garage.
        </div>
      </div>
      <div
        class="col-md-2"
      >
        <p
          class="text-muted"
          data-testid="title-test"
        >
          Date
        </p>
        <div
          class="font-w600"
          data-testid="text-test"
        >
          02/04/2021
        </div>
      </div>
      <div
        class="col-md-2"
      >
        <p
          class="text-muted"
          data-testid="title-test"
        >
          Form
        </p>
        <div
          class="font-w600"
          data-testid="text-test"
        >
          Form 4
        </div>
      </div>
      <div
        class="col-md-2"
      >
        <p
          class="text-muted"
          data-testid="title-test"
        >
          Form type
        </p>
        <div
          class="font-w600"
          data-testid="text-test"
        >
          popup
        </div>
      </div>
      <div
        class="col-md-2"
      >
        <p
          class="text-muted"
          data-testid="title-test"
        >
          Status
        </p>
        <div
          class="font-w600"
          data-testid="text-test"
        >
          pending
        </div>
      </div>
      
      <div
        class="col-md-2"
      >
        <p
          class="text-muted"
        >
          Action
        </p>
        <button
          class="btn btn-default btn-sm push-5-r"
        >
          <i
            class="fa fa-edit"
          />
        </button>
        <button
          class="btn btn-default btn-sm push-5-r"
          data-testid="preview-button-test"
        >
          <i
            class="fa fa-eye"
          />
        </button>
        <button
          class="btn btn-default btn-sm push-5-r"
        >
          <i
            class="fa fa-trash"
          />
        </button>
      </div>
    </div>
    <div
      class="table-row"
    >
      
      <div
        class="col-md-2"
      >
        <p
          class="text-muted"
          data-testid="title-test"
        >
          Name
        </p>
        <div
          class="font-w600"
          data-testid="text-test"
        >
          Mike
        </div>
      </div>
      <div
        class="col-md-2"
      >
        <p
          class="text-muted"
          data-testid="title-test"
        >
          Email
        </p>
        <div
          class="font-w600"
          data-testid="text-test"
        >
          mike@hotmail.com
        </div>
      </div>
      <div
        class="col-md-2"
      >
        <p
          class="text-muted"
          data-testid="title-test"
        >
          Recommendation
        </p>
        <div
          class="font-w600"
          data-testid="text-test"
        >
          yes
        </div>
      </div>
      <div
        class="col-md-2"
      >
        <p
          class="text-muted"
          data-testid="title-test"
        >
          Feedback
        </p>
        <div
          class="font-w600"
          data-testid="text-test"
        >
          This Coca-Cola works really well. It wildly improves my baseball by a lot.
        </div>
      </div>
      <div
        class="col-md-2"
      >
        <p
          class="text-muted"
          data-testid="title-test"
        >
          Date
        </p>
        <div
          class="font-w600"
          data-testid="text-test"
        >
          13/04/2021
        </div>
      </div>
      <div
        class="col-md-2"
      >
        <p
          class="text-muted"
          data-testid="title-test"
        >
          Form
        </p>
        <div
          class="font-w600"
          data-testid="text-test"
        >
          Form 5
        </div>
      </div>
      <div
        class="col-md-2"
      >
        <p
          class="text-muted"
          data-testid="title-test"
        >
          Form type
        </p>
        <div
          class="font-w600"
          data-testid="text-test"
        >
          email
        </div>
      </div>
      <div
        class="col-md-2"
      >
        <p
          class="text-muted"
          data-testid="title-test"
        >
          Status
        </p>
        <div
          class="font-w600"
          data-testid="text-test"
        >
          approved
        </div>
      </div>
      
      <div
        class="col-md-2"
      >
        <p
          class="text-muted"
        >
          Action
        </p>
        <button
          class="btn btn-default btn-sm push-5-r"
        >
          <i
            class="fa fa-edit"
          />
        </button>
        <button
          class="btn btn-default btn-sm push-5-r"
          data-testid="preview-button-test"
        >
          <i
            class="fa fa-eye"
          />
        </button>
        <button
          class="btn btn-default btn-sm push-5-r"
        >
          <i
            class="fa fa-trash"
          />
        </button>
      </div>
    </div>
    
  </div>
  <div
    class="button-container justify-content-center mt-5"
  >
    <button
      class="btn btn-primary"
      data-testid="load-more-test"
    >
       Load More 
    </button>
  </div>
  
</div>
`;
