// Jest Snapshot v1, https://goo.gl/fbAQLP

exports[`Modal Snapshot matches 1`] = `
<div
  class="modal in modal-bg"
  data-testid="modal-bg-test"
>
  <div
    class="modal-dialog"
  >
    <div
      class="modal-content"
      data-testid="modal-content-test"
    >
      <div
        class="block remove-margin-b"
      >
        <div
          class="block-header bg-primary-darker"
        >
          <ul
            class="block-options"
          >
            <li>
              <button
                data-dismiss="modal"
                data-testid="times-button-test"
                type="button"
              >
                <i
                  class="fa fa-times"
                />
              </button>
            </li>
          </ul>
          <h3>
            
            Lorem Ipsum
            
          </h3>
        </div>
        <div
          class="block-content"
        >
          
          <p>
            Lorem ipsum dolor sit amet.
          </p>
          
        </div>
      </div>
      <div
        class="modal-footer"
      >
        
        <button>
          Test Button
        </button>
        
      </div>
    </div>
  </div>
</div>
`;
